[eletivafis.com.br/super-cavalo-funciona/index.html]
[backblue.gif]
[fade.gif]
[index.html]
[eletivafis.com.br/storage/2021/02/frasco-com-caps-1.png]
[eletivafis.com.br/core/assets/9dbb40d076/assets/css/minified/style.min.css]
[eletivafis.com.br/core/assets/9dbb40d076/assets/fonts/astra.woff]
[eletivafis.com.br/core/assets/9dbb40d076/assets/css/minified/menu-animation.min.css]
[eletivafis.com.br/lib/css/dist/block-library/style.min.css]
[eletivafis.com.br/core/modules/cookie-law-info/public/css/cookie-law-info-public.css]
[eletivafis.com.br/core/modules/cookie-law-info/public/css/cookie-law-info-gdpr.css]
[eletivafis.com.br/core/modules/682668c64c/assets/css/default.css]
[eletivafis.com.br/feed/index.html]
[eletivafis.com.br/core/modules/682668c64c/assets/css/circle.css]
[eletivafis.com.br/lib/css/dashicons.min.css]
[eletivafis.com.br/core/modules/682668c64c/assets/css/common.css]
[eletivafis.com.br/core/modules/974388b53b/assets/css/frontend.min.css]
[eletivafis.com.br/comments/feed/index.html]
[eletivafis.com.br/core/modules/554ba96ecc/css/jquery.fancybox.css]
[maxcdn.bootstrapcdn.com/font-awesome/4.3.0/css/font-awesome.min.css]
[eletivafis.com.br/super-cavalo-funciona/feed/index.html]
[eletivafis.com.br/core/modules/6075d435ea/public/style/mb-button.css]
[eletivafis.com.br/core/modules/974388b53b/assets/js/frontend-gtag.min.js]
[eletivafis.com.br/lib/js/jquery/jquery.min.js]
[eletivafis.com.br/lib/js/jquery/jquery-migrate.min.js]
[eletivafis.com.br/core/modules/cookie-law-info/public/js/cookie-law-info-public.js]
[eletivafis.com.br/core/modules/554ba96ecc/js/jquery-1.11.1.js]
[eletivafis.com.br/core/modules/554ba96ecc/js/jquery.mousewheel-3.0.6.pack.js]
[eletivafis.com.br/core/modules/554ba96ecc/js/jquery.fancybox.js]
[eletivafis.com.br/core/modules/554ba96ecc/js/seo.js]
[eletivafis.com.br/wp-json/wp/v2/posts/617.json]
[eletivafis.com.br/wp-json/index.html]
[eletivafis.com.br/wp-json/oembed/1.0/embed4f20.json]
[eletivafis.com.br/wp-json/oembed/1.0/embed6ffb]
[eletivafis.com.br/xmlrpc.php]
[eletivafis.com.br/storage/2020/06/cropped-iconl-32x32.png]
[eletivafis.com.br/storage/2020/06/cropped-iconl-192x192.png]
[eletivafis.com.br/storage/2020/06/cropped-iconl-180x180.png]
[eletivafis.com.br/storage/2020/05/cropped-eletivafislogo-2-150x50.png]
[eletivafis.com.br/storage/2020/08/Pau-de-Cavalo.png]
[eletivafis.com.br/storage/2020/08/Pau-de-Cavalo-150x150.png]
[eletivafis.com.br/storage/2020/08/Foto-Depoimento-1.png]
[eletivafis.com.br/storage/2020/08/Foto-Depoimento-2.png]
[eletivafis.com.br/storage/2020/08/Foto-Depoimento-3.png]
[eletivafis.com.br/storage/2020/05/anvisa-logo-300x69.png]
[eletivafis.com.br/storage/2020/05/anti-pirataria-300x28.png]
[eletivafis.com.br/storage/2021/02/90-dias2-150x150.png]
[eletivafis.com.br/storage/2020/05/reclame-aqui-smile-150x150.png]
[eletivafis.com.br/index.html]
[eletivafis.com.br/storage/2021/02/promo.png]
[eletivafis.com.br/contato/index.html]
[eletivafis.com.br/sibutramin-funciona/index.html]
[eletivafis.com.br/hotgel-funciona/index.html]
[eletivafis.com.br/core/modules/94970ec5bd/includes/css/shortcodes.css]
[eletivafis.com.br/core/modules/94970ec5bd/includes/css/icons.css]
[eletivafis.com.br/libid-gel-funciona/index.html]
[eletivafis.com.br/core/assets/9dbb40d076/assets/js/minified/style.min.js]
[eletivafis.com.br/core/modules/cec2025f55/app/assets/js/smush-lazy-load.min.js]
[eletivafis.com.br/core/modules/4a39435890/js/q2w3-fixed-widget.min.js]
[eletivafis.com.br/core/modules/554ba96ecc/js/auto-link.js]
[eletivafis.com.br/lib/js/wp-embed.min.js]
[eletivafis.com.br/core/modules/94970ec5bd/includes/js/shortcodes/index.js]
[eletivafis.com.br/super-cavalo-funciona/index.html]
[code.jquery.com/jquery-2.2.4.min.js]
[eletivafis.com.br/core/assets/9dbb40d076/assets/css/minified/style.min.css]
[eletivafis.com.br/core/assets/9dbb40d076/assets/css/minified/menu-animation.min.css]
[eletivafis.com.br/lib/css/dist/block-library/style.min.css]
[eletivafis.com.br/core/modules/cookie-law-info/public/css/cookie-law-info-public.css]
[eletivafis.com.br/core/modules/cookie-law-info/public/css/cookie-law-info-gdpr.css]
[eletivafis.com.br/core/modules/682668c64c/assets/css/default.css]
[eletivafis.com.br/core/modules/682668c64c/assets/css/circle.css]
[eletivafis.com.br/politica-de-privacidade/index.html]
[eletivafis.com.br/politica_de_cookies/index.html]
[eletivafis.com.br/lib/fonts/dashicons7d4b.eot]
[eletivafis.com.br/lib/fonts/dashicons7d4b.ttf]
[eletivafis.com.br/lib/css/dashicons.min.css]
[eletivafis.com.br/core/modules/682668c64c/assets/css/common.css]
[eletivafis.com.br/core/modules/974388b53b/assets/css/frontend.min.css]
[eletivafis.com.br/core/modules/554ba96ecc/css/fancybox_sprite.png]
[eletivafis.com.br/core/modules/554ba96ecc/css/fancybox_loading.gif]
[eletivafis.com.br/core/modules/554ba96ecc/css/blank.gif]
[eletivafis.com.br/core/modules/554ba96ecc/css/fancybox_overlay.png]
[eletivafis.com.br/core/modules/554ba96ecc/css/fancybox_sprite@2x.png]
[eletivafis.com.br/core/modules/554ba96ecc/css/fancybox_loading@2x.gif]
[eletivafis.com.br/core/modules/554ba96ecc/css/jquery.fancybox.css]
[maxcdn.bootstrapcdn.com/font-awesome/4.3.0/css/font-awesome.min.css]
[eletivafis.com.br/core/modules/6075d435ea/public/style/mb-button.css]
[eletivafis.com.br/core/modules/974388b53b/assets/js/frontend-gtag.min.js]
[eletivafis.com.br/lib/js/jquery/jquery.min.js]
[eletivafis.com.br/lib/js/jquery/jquery-migrate.min.js]
[eletivafis.com.br/core/modules/cookie-law-info/public/js/cookie-law-info-public.js]
[eletivafis.com.br/core/modules/554ba96ecc/js/jquery-1.11.1.js]
[eletivafis.com.br/core/modules/554ba96ecc/js/jquery.mousewheel-3.0.6.pack.js]
[eletivafis.com.br/core/modules/554ba96ecc/js/jquery.fancybox.js]
[eletivafis.com.br/core/modules/554ba96ecc/js/seo.js]
[eletivafis.com.br/xmlrpc.html]
[eletivafis.com.br/index.html]
[eletivafis.com.br/fexadrol-funciona/index.html]
[eletivafis.com.br/sinedrol-funciona/index.html]
[eletivafis.com.br/detox-shake-funciona/index.html]
[eletivafis.com.br/cha-17-ervas-funciona/index.html]
[eletivafis.com.br/core/modules/067a15d05a/assets/css/wpforms-full.min.css]
[eletivafis.com.br/contato/feed/index.html]
[eletivafis.com.br/wp-json/wp/v2/pages/3.json]
[eletivafis.com.br/detox-caps-funciona/index.html]
[eletivafis.com.br/wp-json/oembed/1.0/embed1534.json]
[eletivafis.com.br/wp-json/oembed/1.0/embed9c63]
[eletivafis.com.br/core/modules/067a15d05a/assets/js/jquery.validate.min.js]
[eletivafis.com.br/core/modules/067a15d05a/assets/js/mailcheck.min.js]
[eletivafis.com.br/contato/index.html]
[eletivafis.com.br/core/modules/067a15d05a/assets/js/wpforms.js]
[eletivafis.com.br/storage/2021/02/sibutramin_efeito.png]
[eletivafis.com.br/sibutramin-funciona/feed/index.html]
[eletivafis.com.br/wp-json/wp/v2/posts/576.json]
[eletivafis.com.br/wp-json/oembed/1.0/embed677e.json]
[eletivafis.com.br/wp-json/oembed/1.0/embed582b]
[eletivafis.com.br/storage/2021/02/sibutramin_efeito-150x150.png]
[eletivafis.com.br/storage/2021/02/deps-300x241.jpg]
[eletivafis.com.br/storage/2021/02/depo_sibutramina-300x241.jpg]
[eletivafis.com.br/storage/2021/02/depo_sibutramina2-1-300x241.jpg]
[eletivafis.com.br/storage/2021/02/depo_sibutramina3-1-300x241.jpg]
[eletivafis.com.br/storage/2021/02/selo_90dias_sibutramin-1-300x231.png]
[eletivafis.com.br/storage/2021/02/Oferta-Sibutramin-1.png]
[eletivafis.com.br/sibutramin-funciona/index.html]
[eletivafis.com.br/storage/2020/06/hotgel.png]
[eletivafis.com.br/wp-json/wp/v2/posts/305.json]
[eletivafis.com.br/hotgel-funciona/feed/index.html]
[eletivafis.com.br/wp-json/oembed/1.0/embedc990.json]
[eletivafis.com.br/wp-json/oembed/1.0/embed4721]
[eletivafis.com.br/storage/2020/06/hotgel-150x150.png]
[eletivafis.com.br/storage/2020/06/Depoimento1.png]
[eletivafis.com.br/storage/2020/06/Depoimento2.png]
[eletivafis.com.br/storage/2020/06/Depoimento3.png]
[eletivafis.com.br/storage/2020/06/Preço.png]
[eletivafis.com.br/hotgel-funciona/index.html]
[eletivafis.com.br/storage/2020/05/libid-produto.png]
[eletivafis.com.br/wp-json/wp/v2/posts/244.json]
[eletivafis.com.br/libid-gel-funciona/feed/index.html]
[eletivafis.com.br/wp-json/oembed/1.0/embedda4a.json]
[eletivafis.com.br/wp-json/oembed/1.0/embed2574]
[eletivafis.com.br/storage/2020/05/libid-produto-150x150.png]
[eletivafis.com.br/storage/2020/05/Depoimento-1-1.png]
[eletivafis.com.br/storage/2020/05/Depoimento-2-1.png]
[eletivafis.com.br/storage/2020/05/Depoimento-3-1.png]
[eletivafis.com.br/storage/2020/05/30-dias-150x150.png]
[eletivafis.com.br/storage/2020/05/Libid-Gel-Oferta-1.png]
[eletivafis.com.br/libid-gel-funciona/index.html]
[eletivafis.com.br/pau-de-cavalo-funciona/index.html]
[eletivafis.com.br/politica-de-privacidade/feed/index.html]
[eletivafis.com.br/wp-json/wp/v2/pages/2.json]
[eletivafis.com.br/wp-json/oembed/1.0/embede9a0.json]
[eletivafis.com.br/politica-de-privacidade/index.html]
[eletivafis.com.br/wp-json/oembed/1.0/embedd7cd]
[eletivafis.com.br/wp-json/wp/v2/pages/532.json]
[eletivafis.com.br/wp-json/oembed/1.0/embedf11e.json]
[eletivafis.com.br/wp-json/oembed/1.0/embed12b2]
[eletivafis.com.br/politica_de_cookies/index.html]
[eletivafis.com.br/core/modules/cookie-law-info/public/css/cookie-law-info-table.css]
[eletivafis.com.br/core/modules/94970ec5bd/includes/images/player/default.png]
[eletivafis.com.br/core/modules/94970ec5bd/includes/images/styles/style-soft.png]
[eletivafis.com.br/core/modules/94970ec5bd/includes/images/styles/style-glass.png]
[eletivafis.com.br/core/modules/94970ec5bd/includes/images/styles/style-bubbles.png]
[eletivafis.com.br/core/modules/94970ec5bd/includes/images/styles/style-noise.png]
[eletivafis.com.br/core/modules/94970ec5bd/includes/images/swiper/default.png]
[eletivafis.com.br/core/modules/94970ec5bd/includes/images/quote.png]
[eletivafis.com.br/core/modules/94970ec5bd/includes/images/player/default-start.png]
[eletivafis.com.br/core/modules/94970ec5bd/includes/css/shortcodes.css]
[eletivafis.com.br/core/modules/94970ec5bd/includes/fonts/fork-awesome/forkawesome-webfont248b.eot]
[eletivafis.com.br/core/modules/94970ec5bd/includes/fonts/fork-awesome/forkawesome-webfont248b.woff2]
[eletivafis.com.br/core/modules/94970ec5bd/includes/fonts/fork-awesome/forkawesome-webfontd41d.eot]
[eletivafis.com.br/core/modules/94970ec5bd/includes/fonts/fork-awesome/forkawesome-webfont248b.woff]
[eletivafis.com.br/core/modules/94970ec5bd/includes/fonts/fork-awesome/forkawesome-webfont248b.ttf]
[eletivafis.com.br/core/modules/94970ec5bd/includes/css/icons.css]
[eletivafis.com.br/core/assets/9dbb40d076/assets/js/minified/style.min.js]
[eletivafis.com.br/core/modules/cec2025f55/app/assets/js/smush-lazy-load.min.js]
[eletivafis.com.br/core/modules/4a39435890/js/q2w3-fixed-widget.min.js]
[eletivafis.com.br/core/modules/554ba96ecc/js/auto-link.js]
[eletivafis.com.br/lib/js/wp-embed.min.js]
[eletivafis.com.br/core/modules/94970ec5bd/includes/js/shortcodes/index.js]
[eletivafis.com.br/core/modules/554ba96ecc/css/blank.html]
[eletivafis.com.br/storage/2021/01/Fexadrol-Frascos-removebg-preview.png]
[eletivafis.com.br/core/modules/94970ec5bd/includes/fonts/fork-awesome/forkawesome-webfont248b.svg]
[eletivafis.com.br/fexadrol-funciona/feed/index.html]
[eletivafis.com.br/wp-json/wp/v2/posts/540.json]
[eletivafis.com.br/wp-json/oembed/1.0/embed3d62.json]
[eletivafis.com.br/wp-json/oembed/1.0/embedebdd]
[eletivafis.com.br/storage/2021/01/Fexadrol-Frascos-removebg-preview-150x150.png]
[eletivafis.com.br/storage/2021/01/Juliana-1-150x150.png]
[eletivafis.com.br/storage/2021/01/depoimento3.jpg]
[eletivafis.com.br/storage/2021/01/fexadrol-garantia-175x300.jpg]
[eletivafis.com.br/storage/2020/08/garantia-30-150x150.png]
[eletivafis.com.br/storage/2021/01/promo.png]
[eletivafis.com.br/fexadrol-funciona/index.html]
[eletivafis.com.br/storage/2020/07/Detox-Shake.png]
[eletivafis.com.br/wp-json/wp/v2/posts/437.json]
[eletivafis.com.br/detox-shake-funciona/feed/index.html]
[eletivafis.com.br/wp-json/oembed/1.0/embed1075.json]
[eletivafis.com.br/wp-json/oembed/1.0/embedbbe2]
[eletivafis.com.br/storage/2020/07/Detox-Shake-150x150.png]
[eletivafis.com.br/storage/2020/07/Depoimento-1.png]
[eletivafis.com.br/storage/2020/07/Depoimento-2.png]
[eletivafis.com.br/storage/2020/07/Depoimento-3.png]
[eletivafis.com.br/storage/2020/07/Depoimento-4.png]
[eletivafis.com.br/storage/2020/07/Depoimento-5.png]
[eletivafis.com.br/storage/2020/07/7-orgzut6j3x9eor1176wr8st4rmxw824xdhsih7jwzo-300x300.png]
[eletivafis.com.br/storage/2020/07/9-orgzv7a3yfspiwgjwv05s791of0efiowffksocz0ec-300x300.png]
[eletivafis.com.br/storage/2020/07/12-orgzvus2paovl5if3n5u0jbkj1skrya6unvxoa062s-300x300.png]
[eletivafis.com.br/storage/2020/07/13-orgzw46gln1qt94rkr83pgy6gwi8wxbi7yesh1m8ck-300x300.png]
[eletivafis.com.br/storage/2020/07/18-orgzx6puduii19ksbpvt1p82tp8aoiki195p5e139g-300x300.png]
[eletivafis.com.br/storage/2020/07/23-orgzyc2qqk3483wpm7re3escynkg374ouxv29kbrno-300x300.png]
[eletivafis.com.br/storage/2020/07/24-orgzyjlg98deszlseb0encw1pqjdsryjjz2y3s0m9w-300x300.png]
[eletivafis.com.br/storage/2020/07/22-orgzy4k17vstn87mu4idjgoo7klidmau5wn6fcmx1g-300x300.png]
[eletivafis.com.br/storage/2020/05/garantia-150x150.png]
[eletivafis.com.br/storage/2020/07/Detox-Shake-Desconto.png]
[eletivafis.com.br/core/modules/94970ec5bd/vendor/flickity/flickity.css]
[eletivafis.com.br/detox-shake-funciona/index.html]
[eletivafis.com.br/core/modules/94970ec5bd/vendor/flickity/flickity.js]
[eletivafis.com.br/storage/2020/06/Sinedrol.png]
[eletivafis.com.br/wp-json/wp/v2/posts/336.json]
[eletivafis.com.br/sinedrol-funciona/feed/index.html]
[eletivafis.com.br/wp-json/oembed/1.0/embedb696.json]
[eletivafis.com.br/wp-json/oembed/1.0/embed1f84]
[eletivafis.com.br/storage/2020/06/Sinedrol-150x150.png]
[eletivafis.com.br/storage/2020/06/Depoimento1-1.png]
[eletivafis.com.br/storage/2020/06/Depoimento2-1.png]
[eletivafis.com.br/storage/2020/06/Depoimento3-1.png]
[eletivafis.com.br/storage/2020/06/Depoimento4.png]
[eletivafis.com.br/storage/2020/06/Sinedrol-Desconto.png]
[eletivafis.com.br/sinedrol-funciona/index.html]
[eletivafis.com.br/storage/2020/05/cha-17-ervas-logo.png]
[eletivafis.com.br/wp-json/wp/v2/posts/264.json]
[eletivafis.com.br/cha-17-ervas-funciona/feed/index.html]
[eletivafis.com.br/wp-json/oembed/1.0/embedb4f8.json]
[eletivafis.com.br/wp-json/oembed/1.0/embed294f]
[eletivafis.com.br/storage/2020/05/cha-17-ervas-logo-150x150.png]
[eletivafis.com.br/storage/2020/05/Depoimento-1-2.png]
[eletivafis.com.br/storage/2020/05/Depoimento-2-2.png]
[eletivafis.com.br/storage/2020/05/Depoimento-4.png]
[eletivafis.com.br/storage/2020/05/Depoimento-5.png]
[eletivafis.com.br/storage/2020/05/garantia-7-dias-150x150.png]
[eletivafis.com.br/storage/2020/05/Promo1.png]
[eletivafis.com.br/storage/2020/05/Promo2.png]
[eletivafis.com.br/storage/2020/05/Promo3.png]
[eletivafis.com.br/cha-17-ervas-funciona/index.html]
[eletivafis.com.br/storage/2020/05/Detox-Caps.png]
[eletivafis.com.br/wp-json/wp/v2/posts/114.json]
[eletivafis.com.br/detox-caps-funciona/feed/index.html]
[eletivafis.com.br/wp-json/oembed/1.0/embed1d20.json]
[eletivafis.com.br/wp-json/oembed/1.0/embed7a48]
[eletivafis.com.br/storage/2020/05/Detox-Caps-150x150.png]
[eletivafis.com.br/storage/2020/05/Depoimento-1.png]
[eletivafis.com.br/storage/2020/05/Depoimento-2.png]
[eletivafis.com.br/storage/2020/05/Depoimento-3.png]
[eletivafis.com.br/storage/2020/05/slide1-300x300.png]
[eletivafis.com.br/storage/2020/05/slide2-300x300.png]
[eletivafis.com.br/storage/2020/05/slide3-300x300.png]
[eletivafis.com.br/storage/2020/05/slide4-300x300.png]
[eletivafis.com.br/storage/2020/05/slide5-300x300.png]
[eletivafis.com.br/storage/2020/05/slide6-300x300.png]
[eletivafis.com.br/storage/2020/05/Detox-Caps-Desconto-1024x476.png]
[eletivafis.com.br/detox-caps-funciona/index.html]
[eletivafis.com.br/core/modules/067a15d05a/assets/css/wpforms-full.min.css]
[eletivafis.com.br/core/modules/067a15d05a/assets/js/jquery.validate.min.js]
[eletivafis.com.br/core/modules/067a15d05a/assets/images/times-solid-white.svg]
[eletivafis.com.br/contato/optusnet.com.au]
[eletivafis.com.br/contato/com.au]
[eletivafis.com.br/contato/net.au]
[eletivafis.com.br/core/modules/067a15d05a/assets/js/mailcheck.min.js]
[eletivafis.com.br/core/modules/067a15d05a/assets/js/wpforms.js]
[eletivafis.com.br/core/modules/cookie-law-info/images/td_back.gif]
[eletivafis.com.br/core/modules/cookie-law-info/public/css/cookie-law-info-table.css]
[eletivafis.com.br/core/modules/94970ec5bd/includes/fonts/fork-awesome/forkawesome-webfont248b.svg]
[eletivafis.com.br/core/modules/94970ec5bd/vendor/flickity/flickity.css]
[eletivafis.com.br/core/modules/94970ec5bd/vendor/flickity/flickity.js]
[eletivafis.com.br/core/modules/067a15d05a/assets/images/times-solid-white.svg]
[eletivafis.com.br/contato/optusnet.com.html]
[eletivafis.com.br/contato/com.html]
[eletivafis.com.br/contato/net.html]
